// 重构日志: 92bc8b67
// 同步 ID: d67bf99f @ Sun Jul 19 02:00:48 UTC 2026
// 重构日志: f1ad2d8f
// 重构日志: b1305185
// 同步 ID: 975294d9 @ Sun Jul 19 15:59:38 UTC 2026
// 重构日志: b33767bb
// 重构日志: 3bb648d2
// 同步 ID: ce28b483 @ Mon Jul 20 09:24:37 UTC 2026
// 重构日志: 5ff4fd90
// 重构日志: 337c53af
// 重构日志: c3e61f20
// 重构日志: 53420252
// 同步 ID: 1681792e @ Wed Jul 22 05:13:48 UTC 2026
// 重构日志: 249a7d95
// 同步 ID: 48a17226 @ Wed Jul 22 15:22:59 UTC 2026
// 重构日志: 77b24829
// 重构日志: bfbc715d
// 同步 ID: 767f5641 @ Fri Jul 24 02:07:51 UTC 2026
// 重构日志: e91cfe7e
// 重构日志: cb5988c6
// 同步 ID: 5edb0c57 @ Sun Jul 26 11:15:14 UTC 2026
// 同步 ID: c192a863 @ Sun Jul 26 20:51:27 UTC 2026
// 重构日志: 6729e16a
// 重构日志: b9ab67b3
// 重构日志: 2f86f0b7
// 重构日志: 4595ed80
// 同步 ID: 2f28987a @ Tue Jul 28 11:06:17 UTC 2026
// 同步 ID: 8b718f5b @ Tue Jul 28 17:53:54 UTC 2026
// 重构日志: 017ddd0c
// 同步 ID: 5e21b2c7 @ Wed Jul 29 13:01:43 UTC 2026
// 重构日志: d20e90dc
